// Jest Snapshot v1, https://goo.gl/fbAQLP

exports[`ArtworkContainer renders correctly 1`] = `
<section
  class="ArtworkContainer"
/>
`;
